            --------------------------------------------------------
                             AMBER SQM VERSION 19
 
                                     By
              Ross C. Walker, Michael F. Crowley, Scott Brozell,
                         Tim Giese, Andreas W. Goetz,
                        Tai-Sung Lee and David A. Case
 
            --------------------------------------------------------
 

--------------------------------------------------------------------------------
  QM CALCULATION INFO
--------------------------------------------------------------------------------

| QMMM: Citation for AMBER QMMM Run:
| QMMM: R.C. Walker, M.F. Crowley and D.A. Case, J. COMP. CHEM. 29:1019, 2008

QMMM: SINGLET STATE CALCULATION
QMMM: RHF CALCULATION, NO. OF DOUBLY OCCUPIED LEVELS = 57

| QMMM: *** Selected Hamiltonian *** 
| QMMM: AM1         

| QMMM: *** Parameter sets in use ***
| QMMM: C : M.J.S.DEWAR et al. JACS, 107, 3902, (1985)
| QMMM: H : M.J.S.DEWAR et al. JACS, 107, 3902, (1985)
| QMMM: O : M.J.S.DEWAR et al. JACS, 107, 3902, (1985)
| QMMM: N : M.J.S.DEWAR et al. JACS, 107, 3902, (1985)
| QMMM: F : M.J.S.DEWAR et al. THEOCHEM, 180, 1, (1988)

| QMMM: *** SCF convergence criteria ***
| QMMM: Energy change                :  0.1D-09 kcal/mol
| QMMM: Error matrix |FP-PF|         :  0.1D+00 au
| QMMM: Density matrix change        :  0.5D-06
| QMMM: Maximum number of SCF cycles :     1000

| QMMM: *** Diagonalization Routine Information ***
| QMMM: Pseudo diagonalizations are allowed.
| QMMM: Auto diagonalization routine selection is in use.
| QMMM:
| QMMM: Timing diagonalization routines:
| QMMM:                              norbs =      107
| QMMM:    diag iterations used for timing =       10
| QMMM:
| QMMM:              Internal diag routine = 0.012978 seconds
| QMMM:                 Dspev diag routine = 0.012075 seconds
| QMMM:                Dspevd diag routine = 0.009029 seconds
| QMMM:                Dspevx diag routine = 0.047848 seconds
| QMMM:                 Dsyev diag routine = 0.013335 seconds
| QMMM:                Dsyevd diag routine = 0.010380 seconds
| QMMM:                Dsyevr diag routine = 0.011878 seconds
| QMMM:
| QMMM:                Pseudo diag routine = 0.005309 seconds
| QMMM:
| QMMM: Using dspevd routine (diag_routine=3).

  QMMM: QM Region Cartesian Coordinates (*=link atom) 
  QMMM: QM_NO.   MM_NO.  ATOM         X         Y         Z
  QMMM:     1        1      C       -1.9500    5.9300    0.3080
  QMMM:     2        2      C       -1.1330    6.0490   -0.9920
  QMMM:     3        3      H       -1.3900    6.3440    1.1210
  QMMM:     4        4      H       -2.8710    6.4650    0.2010
  QMMM:     5        5      H       -0.2120    5.5140   -0.8840
  QMMM:     6        6      H       -1.6930    5.6360   -1.8040
  QMMM:     7        7      C       -0.8340    7.5330   -1.2760
  QMMM:     8        8      O        0.2120    8.0630   -0.8190
  QMMM:     9        9      N       -1.7690    8.3290   -2.0830
  QMMM:    10       10      H       -2.4480    8.7540   -1.4830
  QMMM:    11       11      C        0.2990    9.1600   -3.1840
  QMMM:    12       12      C        1.0120   10.1550   -3.8720
  QMMM:    13       13      C       -1.0280    9.3750   -2.8020
  QMMM:    14       14      C        2.3200    9.8900   -4.2260
  QMMM:    15       15      C        0.4030   11.3580   -4.1770
  QMMM:    16       16      C       -1.6460   10.5880   -3.1080
  QMMM:    17       17      H        2.3300    9.0300   -4.8610
  QMMM:    18       18      C        1.0510   12.3890   -4.8570
  QMMM:    19       19      C       -0.9310   11.5760   -3.7940
  QMMM:    20       20      H       -2.6610   10.7620   -2.8200
  QMMM:    21       21      C        2.3980   12.1220   -5.2230
  QMMM:    22       22      H        3.8600   10.7490   -5.1500
  QMMM:    23       23      H        0.5010   12.5870   -5.7530
  QMMM:    24       24      H       -1.4050   12.5070   -4.0280
  QMMM:    25       25      H        3.0080   12.8670   -4.7560
  QMMM:    26       26      H        0.7750    8.2310   -2.9510
  QMMM:    27       27      N        2.9110   10.9070   -4.8790
  QMMM:    28       28      H        1.0490   13.2510   -4.2230
  QMMM:    29       29      H        2.8770    9.6930   -3.3340
  QMMM:    30       30      H        2.4590   12.2010   -6.2880
  QMMM:    31       31      C       -2.2490    4.4470    0.5930
  QMMM:    32       32      C       -1.3480    3.6840    1.3360
  QMMM:    33       33      C       -3.4210    3.8660    0.1080
  QMMM:    34       34      C       -1.6190    2.3400    1.5930
  QMMM:    35       35      H       -0.4240    4.1420    1.7170
  QMMM:    36       36      C       -3.6920    2.5220    0.3660
  QMMM:    37       37      H       -4.1320    4.4670   -0.4770
  QMMM:    38       38      C       -2.7910    1.7590    1.1090
  QMMM:    39       39      H       -4.6170    2.0640   -0.0160
  QMMM:    40       40      H       -3.0040    0.6990    1.3120
  QMMM:    41       41      F       -0.7460    1.6010    2.3110

--------------------------------------------------------------------------------
  RESULTS
--------------------------------------------------------------------------------

      iter         sqm energy              rms gradient
      ----    -------------------    -----------------------
xmin    10      -36.2159 kcal/mol        1.0474 kcal/(mol*A)
xmin    20      -39.5453 kcal/mol        1.0151 kcal/(mol*A)
xmin    30      -40.6082 kcal/mol        0.7025 kcal/(mol*A)
xmin    40      -41.5245 kcal/mol        0.3935 kcal/(mol*A)
xmin    50      -42.0680 kcal/mol        1.4001 kcal/(mol*A)
xmin    60      -42.4460 kcal/mol        0.3856 kcal/(mol*A)
xmin    70      -42.4760 kcal/mol        0.2101 kcal/(mol*A)
xmin    80      -42.4025 kcal/mol        1.3122 kcal/(mol*A)
xmin    90      -42.4815 kcal/mol        0.0794 kcal/(mol*A)
xmin   100      -42.4881 kcal/mol        0.0249 kcal/(mol*A)
xmin   110      -42.5025 kcal/mol        0.0963 kcal/(mol*A)
xmin   120      -42.5083 kcal/mol        0.0822 kcal/(mol*A)
xmin   130      -42.5269 kcal/mol        0.0872 kcal/(mol*A)
xmin   140      -42.5434 kcal/mol        0.0820 kcal/(mol*A)
xmin   150      -42.5474 kcal/mol        0.0500 kcal/(mol*A)
xmin   160      -42.5516 kcal/mol        0.0732 kcal/(mol*A)
xmin   170      -42.5551 kcal/mol        0.0853 kcal/(mol*A)
xmin   180      -42.5573 kcal/mol        0.0180 kcal/(mol*A)
xmin   190      -42.5597 kcal/mol        0.0228 kcal/(mol*A)
xmin   200      -42.5604 kcal/mol        0.0263 kcal/(mol*A)
xmin   210      -42.5607 kcal/mol        0.0504 kcal/(mol*A)
xmin   220      -42.5423 kcal/mol        0.3806 kcal/(mol*A)
xmin   230      -42.5610 kcal/mol        0.0791 kcal/(mol*A)
xmin   240      -42.5621 kcal/mol        0.0187 kcal/(mol*A)
xmin   250      -42.5626 kcal/mol        0.0028 kcal/(mol*A)
xmin   260      -42.5626 kcal/mol        0.0154 kcal/(mol*A)
xmin   270      -42.5627 kcal/mol        0.0058 kcal/(mol*A)
xmin   280      -42.5627 kcal/mol        0.0040 kcal/(mol*A)
xmin   290      -42.5628 kcal/mol        0.0043 kcal/(mol*A)
xmin   300      -42.5629 kcal/mol        0.0027 kcal/(mol*A)
